Failed rotating the log file
write-dir busy (engine pid 342964); using C:\Users\apexe\WebstormProjects\bar-ai\matches\_engine-335204
map      Supreme Isthmus v2.1
game     Beyond All Reason $VERSION
engine   recoil_2026.07.04
team 0   Apex-Unstable-standard
team 1   BARb-stable-hard
out      C:\Users\apexe\WebstormProjects\bar-ai\matches\t1line-check


== HEALTH ==
  ok    angelscript-errors           clean
  ok    engine-hang                  none
  ok    apex-alive                   8035 apex: lines
  ok    ghost-deaths                 each death once
  FLAG  ledger-drift                 7 missed-event drift(s); last summary rows=164 ord=3 frm=8 fin=153 enginediff=2
  ok    ledger-shadow                0 shadow mismatch(es) recorded (data for the flip, not a failure)
  ok    invariants                   none reached the door

== PRIORITY ==
  ok    duplicate line over nanos    1 copy want(s) zeroed -> nano; 1 discounted dup price(s)
  FLAG  finish before founding       56 nanoframes abandoned, 6 def(s) abandoned more than once: armmex=32 armllt=7 armrad=6 armpb=5 armbeamer=3
  FLAG  advanced cons upgrade mexes  13/86 (15%) of advanced-con decisions were metal/mexup; most-chosen was energy/energy (31). energy/energy=31 buildpower/assist=16 metal/mexup=13 defence/protect=13 sense/sense=8 -- decision share, NOT upgrades standing; check t2Mex
  FLAG  a moho was available and lost 31x an advanced con ranked metal/mexup second and built something else: energy/energy=12 defence/protect=8 buildpower/assist=7 sense/sense=3
  ok    con-glut                     standing army outweighs standing constructors
  ok    t1-air-after-t2              T1 air army stops once T2 air stands

== STRUCTURES ==
  ok    no-storage                   0 storage(s) built, 0 metal
  FLAG  t1-towers-after-t2           16 T1 tower(s), 2135 metal built after T2 start -- the newer guns should have won (apex_t1_def_late)
  FLAG  reclaim-rebuild loop         7 rebuild(s) after our own reclaim: armllt=7
  ok    plant-count                  7400 metal into plants; no def built 3+ times
  ok    nanos-standing               26 nano(s) standing vs 4 plant(s) at 32m (want >= 1 per 2 plants)
  ok    nano-latency                 median 2.3m from plant finished to next nano finished (4 plants measured)
  FLAG  t1-eco-with-afus             ~25 T1 generators/converters standing with AFUS fielded (1 team(s); reclaim should be clearing these)
  ok    sense-churn                  29 sense executions for 16 radar(s) built
  ok    defence-tier                 T1-tower share of defence metal 53% (3620 vs heavy 3180) with advanced cons fielded
  ok    super-site-stuck             no repeated same-spot site failure (site-widen fired 1x)

== GEOMETRY ==
  ok    front-towers                 front sites won 0x, 5 built, 3 standing
  ok    grid-tightness               67% of 34 eco structures touching a neighbor at game end (grid target: tight rows)

== ECONOMY ==
  FLAG  first-factory                first lab past 4min: t0@5.8m
  FLAG  first-fusion-ask             20.8 min (late)
  ok    metal-wasted                 2,729 of 128,191 overflowed (2%)
  ok    energy-wasted                344,237 of 3,271,009 overflowed (11%)
  ok    plant-gate                   0 approvals, 0 past tier totals
  ok    t2-under-its-own-bar         all T2 placements above the corrected-income bar
  ok    t2-too-late                  no team sat rich without teching
  ok    gantry-host-too-poor         every gantry request had a fed host
  ok    gantry-too-late              a gantry request follows team wealth promptly
  ok    adv-plant-overlap            advanced plant starts serialized
  FLAG  parallel-big-energy          1 episode(s) of 2+ expensive energy buildings rising together, peak 2: t0@24.2m for 36s x2 armckfus:0.29,armfus:0.00
  ok    parallel-eco-sites           eco sites pooled (max in-flight 1)
  ok    axis-blind                   every axis had an enemy reference, the mirror, or the sign veto
  ok    eco-forwardness              median big-eco offset -400 elmos along the enemy axis (54 sites)
  ok    mex-guards                   36 mexes died (1,800m); 14 tower order(s) near mex ground of 55 total
  ok    wealth-unspent               every rich team spent >=70% of what it made

== MILITARY ==
  ok    death-attribution            no death data
  ok    air-target-fixation          54 commits over 20 targets (max one target 9x)
  ok    mass-state                   want=268 floor=268 army=15558 vs enemy=3760 (last)
  FLAG  build-abandoned-army-idle    1 damaged build(s) abandoned with >=3 combat units idle within 800: armbeaver@27m job=armmex idle=3

== EFFICIENCY ==
  ok    build-eat-conflict           none
  ok    quota-starvation             none
  ok    idle-at-full-metal           0 factory samples idle at the metal cap
  ok    capability-blocks            none

== VS-ENEMY ==
  ok    nanos-at-best-factory        ours 11 (of 26 total) vs theirs 6 (of 12)
  ok    raids-exist                  f4 tasks seen
  FLAG  constructor-attrition        ours 9 vs theirs 1
  ok    energy-race-10m              ours 48314 vs theirs 69644 (69%)
  ok    mex-race                     ours 74 vs theirs 48

== PERF ==
  FLAG  ai-time                      max single call 57ms (hk.maketask.builder); busiest hk.maketask.builder=7s want.protect=2s want.mexup=1s

13 flag(s).

out      C:\Users\apexe\WebstormProjects\bar-ai\matches\t1line-check
reason   timelimit
winners  (none)
game     32.0 min (57600 frames)
wall     108.6s
